
[TestInterpreterError/1_==_true - 1]
&fmt.wrapError{
    msg: "error: `==` operands mismatch: integer and boolean",
    err: &errors.errorString{s:"error"},
}
---

[TestInterpreterError/1_||_0 - 1]
&errors.errorString{s:"`||` operands must be boolean"}
---

[TestInterpreterError/1_&&_"hello" - 1]
&errors.errorString{s:"`&&` operands must be boolean"}
---

[TestInterpreterError/"hello"_<3 - 1]
&errors.errorString{s:"`<` operands must be integer or decimal"}
---

[TestInterpreterError/"hello"_<=3 - 1]
&errors.errorString{s:"`<=` operands must be integer or decimal"}
---

[TestInterpreterError/"hello"_>_3 - 1]
&errors.errorString{s:"`>` operands must be integer or decimal"}
---

[TestInterpreterError/"hello"_>=_3 - 1]
&errors.errorString{s:"`>=` operands must be integer or decimal"}
---

[TestInterpreterError/1_==_"hello" - 1]
&errors.errorString{s:"`==` operands mismatch: integer and string"}
---

[TestInterpreterError/1_!=_"hello" - 1]
&errors.errorString{s:"`!=` operands mismatch: integer and string"}
---

[TestInterpreterError/"hello"_+_"world" - 1]
&errors.errorString{s:"`+` operands must be integer or decimal"}
---

[TestInterpreterError/"hello"_-_"world" - 1]
&errors.errorString{s:"`-` operands must be integer or decimal"}
---

[TestInterpreterError/"hello"_*_"world" - 1]
&errors.errorString{s:"`*` operands must be integer or decimal"}
---

[TestInterpreterError/"hello"_/_"world" - 1]
&errors.errorString{s:"`/` operands must be integer or decimal"}
---

[TestInterpreterError/!1 - 1]
&errors.errorString{s:"`!` operand must be boolean"}
---

[TestInterpreterError/-true - 1]
&errors.errorString{s:"`-` operand must be integer or decimal"}
---

[TestInterpreterError/-true#01 - 1]
&errors.errorString{s:"`-` operand must be integer or decimal"}
---

[TestInterpreterError/hello - 1]
&errors.errorString{s:"unknown variable 'hello'"}
---

[TestInterpreterError/world - 1]
&errors.errorString{s:"unknown variable 'world'"}
---

[TestInterpreterError/hello.world - 1]
&errors.errorString{s:"world is not a map"}
---

[TestInterpreterError/hello#01 - 1]
&errors.errorString{s:"hello is not a primitive value"}
---

[TestInterpreterError/hello.world#01 - 1]
&errors.errorString{s:"unknown key 'world'"}
---
